// Jest Snapshot v1, https://goo.gl/fbAQLP

exports[`EventDetails renders event info correctly 1`] = `
<View
  style={
    Object {
      "alignItems": "center",
      "flex": 1,
      "justifyContent": "flex-start",
      "padding": 12,
    }
  }
>
  <View
    style={
      Object {
        "height": 250,
        "width": "100%",
      }
    }
  >
    <Image
      source={1}
      style={
        Object {
          "height": "100%",
          "width": "100%",
        }
      }
    />
    <View
      accessible={true}
      focusable={true}
      onClick={[Function]}
      onResponderGrant={[Function]}
      onResponderMove={[Function]}
      onResponderRelease={[Function]}
      onResponderTerminate={[Function]}
      onResponderTerminationRequest={[Function]}
      onStartShouldSetResponder={[Function]}
      style={
        Object {
          "opacity": 1,
        }
      }
    >
      <Image
        source={1}
        style={
          Object {
            "bottom": 12,
            "position": "absolute",
            "right": 12,
          }
        }
        testID="selected"
      />
    </View>
  </View>
  <Text
    style={
      Object {
        "color": "black",
        "fontSize": 24,
        "fontWeight": "700",
        "marginVertical": 12,
      }
    }
  >
    Biffy Clyro at O2 Forum Kentish Town
  </Text>
  <Text
    style={
      Object {
        "color": "black",
        "fontSize": 16,
        "fontWeight": "400",
        "marginBottom": 12,
      }
    }
  >
    2 November 2021
  </Text>
  <View
    style={
      Object {
        "flexDirection": "column",
      }
    }
  >
    <Text
      style={
        Object {
          "color": "black",
          "fontSize": 16,
          "fontWeight": "700",
          "marginBottom": 6,
        }
      }
    >
      Line Up
    </Text>
    <Text
      style={
        Object {
          "color": "black",
          "fontSize": 14,
          "fontWeight": "400",
        }
      }
    >
      Biffy Clyro
    </Text>
  </View>
</View>
`;
